// Jest Snapshot v1, https://goo.gl/fbAQLP

exports[`Pruebas en CScreenLogin Debe mostrarse correctamente  1`] = `
<div
  className="container mt-5"
>
  <h1>
    Screen | Login
  </h1>
  <hr />
  <button
    className="btn btn-outline-dark"
    onClick={[Function]}
  >
    Login
  </button>
</div>
`;
